STM32_timer_adc_lib.c:19:6:init_hal	8	static
STM32_timer_adc_lib.c:25:6:tim_base_start_interrupt	8	static
STM32_timer_adc_lib.c:31:6:uart_print	16	static
STM32_timer_adc_lib.c:38:6:reverse	32	static
STM32_timer_adc_lib.c:54:5:intToStr	32	static
STM32_timer_adc_lib.c:73:6:ftoa	48	static
STM32_timer_adc_lib.c:103:6:HAL_TIM_PeriodElapsedCallback	56	static
STM32_timer_adc_lib.c:130:6:config_system_clock	184	static
STM32_timer_adc_lib.c:202:6:init_adc1	32	static
STM32_timer_adc_lib.c:246:6:init_timer1	56	static
STM32_timer_adc_lib.c:282:6:init_uart	16	static
STM32_timer_adc_lib.c:305:6:init_gpio	40	static
STM32_timer_adc_lib.c:329:6:Error_Handler	4	static,ignoring_inline_asm
