STM32_timer_adc_lib.c:19:6:init_hal	8	static
STM32_timer_adc_lib.c:25:6:tim_base_start_interrupt	8	static
STM32_timer_adc_lib.c:30:14:strlength	24	static
STM32_timer_adc_lib.c:44:5:power	24	static
STM32_timer_adc_lib.c:54:6:uart_print	16	static
STM32_timer_adc_lib.c:61:6:reverse	32	static
STM32_timer_adc_lib.c:77:5:intToStr	32	static
STM32_timer_adc_lib.c:97:6:ftoa	40	static
STM32_timer_adc_lib.c:127:6:HAL_TIM_PeriodElapsedCallback	56	static
STM32_timer_adc_lib.c:154:6:config_system_clock	184	static
STM32_timer_adc_lib.c:222:6:init_adc1	32	static
STM32_timer_adc_lib.c:264:6:init_timer1	56	static
STM32_timer_adc_lib.c:297:6:init_uart	16	static
STM32_timer_adc_lib.c:319:6:init_gpio	40	static
STM32_timer_adc_lib.c:343:6:Error_Handler	4	static,ignoring_inline_asm
